../Drivers/CMSIS/Include/core_cm4.h:1814:22:__NVIC_SetPriority	16	static
../Drivers/CMSIS/Include/core_cm4.h:2022:26:SysTick_Config	16	static
../airos/airos_task.c:15:20:airos_task_cpu_setup	8	static
../airos/airos_task.c:23:20:airos_disable_irq	4	static,ignoring_inline_asm
../airos/airos_task.c:28:20:airos_enable_irq	4	static,ignoring_inline_asm
../airos/airos_task.c:33:20:airos_trigger_pendsv	4	static
../airos/airos_task.c:38:6:airos_task_enable_schedule	4	static
../airos/airos_task.c:43:6:airos_task_disable_schedule	4	static
../airos/airos_task.c:58:6:airos_task_init	16	static
../airos/airos_task.c:72:6:airos_task_create	32	static
../airos/airos_task.c:110:6:airos_task_sleep	24	static
../airos/airos_task.c:122:6:airos_task_suspend	24	static
../airos/airos_task.c:134:6:airos_task_resume	24	static
../airos/airos_task.c:151:6:airos_task_schedule	32	static
